apiVersion: v1
data:
  centraldashboard_links_config.yaml: "apiVersion: v1\ndata:\n  links: |-\n    {\n
    \     \"menuLinks\": [\n        {\n          \"link\": \"/pipeline/\",\n          \"text\":
    \"Pipelines\"\n        },\n        {\n          \"link\": \"/jupyter/\",\n          \"text\":
    \"Notebook Servers\"\n        },\n        {\n          \"link\": \"/katib/\",\n
    \         \"text\": \"Katib\"\n        }\n      ],\n      \"externalLinks\": [],\n
    \     \"quickLinks\": [\n        {\n          \"text\": \"Upload a pipeline\",\n
    \         \"desc\": \"Pipelines\",\n          \"link\": \"/pipeline/\"\n        },\n
    \       {\n          \"text\": \"View all pipeline runs\",\n          \"desc\":
    \"Pipelines\",\n          \"link\": \"/pipeline/#/runs\"\n        },\n        {\n
    \         \"text\": \"Create a new Notebook server\",\n          \"desc\": \"Notebook
    Servers\",\n          \"link\": \"/jupyter/new?namespace=kubeflow\"\n        },\n
    \       {\n          \"text\": \"View Katib Experiments\",\n          \"desc\":
    \"Katib\",\n          \"link\": \"/katib/\"\n        }\n      ],\n      \"documentationItems\":
    [\n        {\n          \"text\": \"Getting Started with Kubeflow\",\n          \"desc\":
    \"Get your machine-learning workflow up and running on Kubeflow\",\n          \"link\":
    \"https://www.kubeflow.org/docs/started/getting-started/\"\n        },\n        {\n
    \         \"text\": \"EKS Kubeflow Examples\",\n          \"desc\": \"Get your
    step-by-step guidance for Kubeflow on AWS\",\n          \"link\": \"https://github.com/aws-samples/eks-kubeflow-workshop\"\n
    \       },        \n        {\n          \"text\": \"Kubeflow on AWS\",\n          \"desc\":
    \"Running Kubeflow on Elastic Container Service and Amazon Web Services\",\n          \"link\":
    \"https://www.kubeflow.org/docs/aws/\"\n        },\n        {\n          \"text\":
    \"Requirements for Kubeflow\",\n          \"desc\": \"Get more detailed information
    about using Kubeflow and its components\",\n          \"link\": \"https://www.kubeflow.org/docs/started/requirements/\"\n
    \       }\n      ]\n    }\nkind: ConfigMap\nmetadata:\n  name: centraldashboard-links-config\n"
  links: |-
    {
      "menuLinks": [
        {
          "link": "/pipeline/",
          "text": "Pipelines"
        },
        {
          "link": "/jupyter/",
          "text": "Notebook Servers"
        },
        {
          "link": "/katib/",
          "text": "Katib"
        }
      ],
      "externalLinks": [],
      "quickLinks": [
        {
          "text": "Upload a pipeline",
          "desc": "Pipelines",
          "link": "/pipeline/"
        },
        {
          "text": "View all pipeline runs",
          "desc": "Pipelines",
          "link": "/pipeline/#/runs"
        },
        {
          "text": "Create a new Notebook server",
          "desc": "Notebook Servers",
          "link": "/jupyter/new?namespace=kubeflow"
        },
        {
          "text": "View Katib Experiments",
          "desc": "Katib",
          "link": "/katib/"
        }
      ],
      "documentationItems": [
        {
          "text": "Getting Started with Kubeflow",
          "desc": "Get your machine-learning workflow up and running on Kubeflow",
          "link": "https://www.kubeflow.org/docs/started/getting-started/"
        },
        {
          "text": "MiniKF",
          "desc": "A fast and easy way to deploy Kubeflow locally",
          "link": "https://www.kubeflow.org/docs/started/getting-started-minikf/"
        },
        {
          "text": "Microk8s for Kubeflow",
          "desc": "Quickly get Kubeflow running locally on native hypervisors",
          "link": "https://www.kubeflow.org/docs/started/getting-started-multipass/"
        },
        {
          "text": "Minikube for Kubeflow",
          "desc": "Quickly get Kubeflow running locally",
          "link": "https://www.kubeflow.org/docs/started/getting-started-minikube/"
        },
        {
          "text": "Kubeflow on GCP",
          "desc": "Running Kubeflow on Kubernetes Engine and Google Cloud Platform",
          "link": "https://www.kubeflow.org/docs/gke/"
        },
        {
          "text": "Kubeflow on AWS",
          "desc": "Running Kubeflow on Elastic Container Service and Amazon Web Services",
          "link": "https://www.kubeflow.org/docs/aws/"
        },
        {
          "text": "Requirements for Kubeflow",
          "desc": "Get more detailed information about using Kubeflow and its components",
          "link": "https://www.kubeflow.org/docs/started/requirements/"
        }
      ]
    }
kind: ConfigMap
metadata:
  annotations: {}
  labels:
    app: centraldashboard
    app.kubernetes.io/component: centraldashboard
    app.kubernetes.io/name: centraldashboard
    kustomize.component: centraldashboard
  name: centraldashboard-links-config
  namespace: kubeflow
