apiVersion: admissionregistration.k8s.io/v1beta1
kind: MutatingWebhookConfiguration
metadata:
  annotations:
    cert-manager.io/inject-ca-from: kubeflow/seldon-serving-cert
  creationTimestamp: null
  labels:
    app: seldon
    app.kubernetes.io/component: seldon
    app.kubernetes.io/instance: seldon-core
    app.kubernetes.io/name: seldon-core-operator
    app.kubernetes.io/version: 1.4.0
  name: seldon-mutating-webhook-configuration-kubeflow
webhooks:
- clientConfig:
    caBundle: LS0tLS1CRUdJTiBDRVJUSUZJQ0FURS0tLS0tCk1JSURCRENDQWV5Z0F3SUJBZ0lRQlFoNHlIVUVlclgrbW03d0hMMjZGakFOQmdrcWhraUc5dzBCQVFzRkFEQWMKTVJvd0dBWURWUVFERXhGamRYTjBiMjB0YldWMGNtbGpjeTFqWVRBZUZ3MHlNREV4TWpBd09URTJNalphRncweQpNVEV4TWpBd09URTJNalphTUJ3eEdqQVlCZ05WQkFNVEVXTjFjM1J2YlMxdFpYUnlhV056TFdOaE1JSUJJakFOCkJna3Foa2lHOXcwQkFRRUZBQU9DQVE4QU1JSUJDZ0tDQVFFQXZBZHltaUNxZGdCaW5LQy93QzhPTmx1YVRPckoKNVJtaGFUVmxOQzRQU1VaVnQ0cU9FMTNMZlg2Y3RObXR3MURaaldXeCtsUk52ak9PVjRueHc2NGFvc004RFFVQwoyZUdlb2wxaTR2VnZPeVMyZVM0bHdaMktET1V4djErTkV5NG5RQmdMVFRySERLcWdYbWJVNm13MXhlWEdmSm1rCkhIbVl6ZVdITnRCUjN0WllOU2laUXQ3Yk4zbDlsa21DZkEybGZPeVd3bGJBUldqNkUzWVVnSEs1Q1F6YkxOSjAKdlNoS1gwREpuLzFIMG82b09sbDhsY3BiUXQ5dWV1eG8zaCtkNTN4aUVlczUvdkZzWWVNM20xNTMrY3dmbFQrSAp2RzZKNW9ONjNUMVd5S01vYkQyU0dCSzM0OWM4czVlRFhIOVR6YlRDV1BTODA1aDZidWZZYXo2czN3SURBUUFCCm8wSXdRREFPQmdOVkhROEJBZjhFQkFNQ0FxUXdIUVlEVlIwbEJCWXdGQVlJS3dZQkJRVUhBd0VHQ0NzR0FRVUYKQndNQ01BOEdBMVVkRXdFQi93UUZNQU1CQWY4d0RRWUpLb1pJaHZjTkFRRUxCUUFEZ2dFQkFKZUVjMThnNFdhTQoyb0paYy9iUC8vK3VTVXExa3ZiWWh1Wk1HRFRBdGs5amV4dW1WclRsUndoc3NvWXdDV0krTnBod2hsZHgyeDhRCmthZnA3T3EvNWFoMmRpQWxZR3ZLSnFqQWxCWVRxcW9QSGE2WXNQa0dIS3AzVFllcGNlSW1McXV4dXhtR21DVW4Kd1BhMzVqemNlSkllcUsza0RocUJ6UHFSc0daczRmeTJPK0xBMmp5UnRDK2JEVHdOdDN5R05XZXg2UXNjOXh1QgpOeFAwU1FXTFFyc2dHcUFWWWFwUVpZVG81R0lmR2dYM2NPVUhMZEs3Nk9TdURhZ2VwY0t1Z01mWFB4S3h5Y254CmU2RHk2bEV4SE1WM21mcjRHSGRvS2N2NzhSeGRFRHRxS290bWZUL0s2YkZDVU0yaDRMbTFuODhFeklaenRzbXcKbjIrWjE3L2hFWk09Ci0tLS0tRU5EIENFUlRJRklDQVRFLS0tLS0K
    service:
      name: seldon-webhook-service
      namespace: kubeflow
      path: /mutate-machinelearning-seldon-io-v1-seldondeployment
      port: 8443
  failurePolicy: Fail
  name: v1.mseldondeployment.kb.io
  namespaceSelector:
    matchExpressions:
    - key: seldon.io/controller-id
      operator: DoesNotExist
    matchLabels:
      serving.kubeflow.org/inferenceservice: enabled
  rules:
  - apiGroups:
    - machinelearning.seldon.io
    apiVersions:
    - v1
    operations:
    - CREATE
    - UPDATE
    resources:
    - seldondeployments
- clientConfig:
    caBundle: LS0tLS1CRUdJTiBDRVJUSUZJQ0FURS0tLS0tCk1JSURCRENDQWV5Z0F3SUJBZ0lRQlFoNHlIVUVlclgrbW03d0hMMjZGakFOQmdrcWhraUc5dzBCQVFzRkFEQWMKTVJvd0dBWURWUVFERXhGamRYTjBiMjB0YldWMGNtbGpjeTFqWVRBZUZ3MHlNREV4TWpBd09URTJNalphRncweQpNVEV4TWpBd09URTJNalphTUJ3eEdqQVlCZ05WQkFNVEVXTjFjM1J2YlMxdFpYUnlhV056TFdOaE1JSUJJakFOCkJna3Foa2lHOXcwQkFRRUZBQU9DQVE4QU1JSUJDZ0tDQVFFQXZBZHltaUNxZGdCaW5LQy93QzhPTmx1YVRPckoKNVJtaGFUVmxOQzRQU1VaVnQ0cU9FMTNMZlg2Y3RObXR3MURaaldXeCtsUk52ak9PVjRueHc2NGFvc004RFFVQwoyZUdlb2wxaTR2VnZPeVMyZVM0bHdaMktET1V4djErTkV5NG5RQmdMVFRySERLcWdYbWJVNm13MXhlWEdmSm1rCkhIbVl6ZVdITnRCUjN0WllOU2laUXQ3Yk4zbDlsa21DZkEybGZPeVd3bGJBUldqNkUzWVVnSEs1Q1F6YkxOSjAKdlNoS1gwREpuLzFIMG82b09sbDhsY3BiUXQ5dWV1eG8zaCtkNTN4aUVlczUvdkZzWWVNM20xNTMrY3dmbFQrSAp2RzZKNW9ONjNUMVd5S01vYkQyU0dCSzM0OWM4czVlRFhIOVR6YlRDV1BTODA1aDZidWZZYXo2czN3SURBUUFCCm8wSXdRREFPQmdOVkhROEJBZjhFQkFNQ0FxUXdIUVlEVlIwbEJCWXdGQVlJS3dZQkJRVUhBd0VHQ0NzR0FRVUYKQndNQ01BOEdBMVVkRXdFQi93UUZNQU1CQWY4d0RRWUpLb1pJaHZjTkFRRUxCUUFEZ2dFQkFKZUVjMThnNFdhTQoyb0paYy9iUC8vK3VTVXExa3ZiWWh1Wk1HRFRBdGs5amV4dW1WclRsUndoc3NvWXdDV0krTnBod2hsZHgyeDhRCmthZnA3T3EvNWFoMmRpQWxZR3ZLSnFqQWxCWVRxcW9QSGE2WXNQa0dIS3AzVFllcGNlSW1McXV4dXhtR21DVW4Kd1BhMzVqemNlSkllcUsza0RocUJ6UHFSc0daczRmeTJPK0xBMmp5UnRDK2JEVHdOdDN5R05XZXg2UXNjOXh1QgpOeFAwU1FXTFFyc2dHcUFWWWFwUVpZVG81R0lmR2dYM2NPVUhMZEs3Nk9TdURhZ2VwY0t1Z01mWFB4S3h5Y254CmU2RHk2bEV4SE1WM21mcjRHSGRvS2N2NzhSeGRFRHRxS290bWZUL0s2YkZDVU0yaDRMbTFuODhFeklaenRzbXcKbjIrWjE3L2hFWk09Ci0tLS0tRU5EIENFUlRJRklDQVRFLS0tLS0K
    service:
      name: seldon-webhook-service
      namespace: kubeflow
      path: /mutate-machinelearning-seldon-io-v1alpha2-seldondeployment
      port: 8443
  failurePolicy: Fail
  name: v1alpha2.mseldondeployment.kb.io
  namespaceSelector:
    matchExpressions:
    - key: seldon.io/controller-id
      operator: DoesNotExist
    matchLabels:
      serving.kubeflow.org/inferenceservice: enabled
  rules:
  - apiGroups:
    - machinelearning.seldon.io
    apiVersions:
    - v1alpha2
    operations:
    - CREATE
    - UPDATE
    resources:
    - seldondeployments
- clientConfig:
    caBundle: LS0tLS1CRUdJTiBDRVJUSUZJQ0FURS0tLS0tCk1JSURCRENDQWV5Z0F3SUJBZ0lRQlFoNHlIVUVlclgrbW03d0hMMjZGakFOQmdrcWhraUc5dzBCQVFzRkFEQWMKTVJvd0dBWURWUVFERXhGamRYTjBiMjB0YldWMGNtbGpjeTFqWVRBZUZ3MHlNREV4TWpBd09URTJNalphRncweQpNVEV4TWpBd09URTJNalphTUJ3eEdqQVlCZ05WQkFNVEVXTjFjM1J2YlMxdFpYUnlhV056TFdOaE1JSUJJakFOCkJna3Foa2lHOXcwQkFRRUZBQU9DQVE4QU1JSUJDZ0tDQVFFQXZBZHltaUNxZGdCaW5LQy93QzhPTmx1YVRPckoKNVJtaGFUVmxOQzRQU1VaVnQ0cU9FMTNMZlg2Y3RObXR3MURaaldXeCtsUk52ak9PVjRueHc2NGFvc004RFFVQwoyZUdlb2wxaTR2VnZPeVMyZVM0bHdaMktET1V4djErTkV5NG5RQmdMVFRySERLcWdYbWJVNm13MXhlWEdmSm1rCkhIbVl6ZVdITnRCUjN0WllOU2laUXQ3Yk4zbDlsa21DZkEybGZPeVd3bGJBUldqNkUzWVVnSEs1Q1F6YkxOSjAKdlNoS1gwREpuLzFIMG82b09sbDhsY3BiUXQ5dWV1eG8zaCtkNTN4aUVlczUvdkZzWWVNM20xNTMrY3dmbFQrSAp2RzZKNW9ONjNUMVd5S01vYkQyU0dCSzM0OWM4czVlRFhIOVR6YlRDV1BTODA1aDZidWZZYXo2czN3SURBUUFCCm8wSXdRREFPQmdOVkhROEJBZjhFQkFNQ0FxUXdIUVlEVlIwbEJCWXdGQVlJS3dZQkJRVUhBd0VHQ0NzR0FRVUYKQndNQ01BOEdBMVVkRXdFQi93UUZNQU1CQWY4d0RRWUpLb1pJaHZjTkFRRUxCUUFEZ2dFQkFKZUVjMThnNFdhTQoyb0paYy9iUC8vK3VTVXExa3ZiWWh1Wk1HRFRBdGs5amV4dW1WclRsUndoc3NvWXdDV0krTnBod2hsZHgyeDhRCmthZnA3T3EvNWFoMmRpQWxZR3ZLSnFqQWxCWVRxcW9QSGE2WXNQa0dIS3AzVFllcGNlSW1McXV4dXhtR21DVW4Kd1BhMzVqemNlSkllcUsza0RocUJ6UHFSc0daczRmeTJPK0xBMmp5UnRDK2JEVHdOdDN5R05XZXg2UXNjOXh1QgpOeFAwU1FXTFFyc2dHcUFWWWFwUVpZVG81R0lmR2dYM2NPVUhMZEs3Nk9TdURhZ2VwY0t1Z01mWFB4S3h5Y254CmU2RHk2bEV4SE1WM21mcjRHSGRvS2N2NzhSeGRFRHRxS290bWZUL0s2YkZDVU0yaDRMbTFuODhFeklaenRzbXcKbjIrWjE3L2hFWk09Ci0tLS0tRU5EIENFUlRJRklDQVRFLS0tLS0K
    service:
      name: seldon-webhook-service
      namespace: kubeflow
      path: /mutate-machinelearning-seldon-io-v1alpha3-seldondeployment
      port: 8443
  failurePolicy: Fail
  name: v1alpha3.mseldondeployment.kb.io
  namespaceSelector:
    matchExpressions:
    - key: seldon.io/controller-id
      operator: DoesNotExist
    matchLabels:
      serving.kubeflow.org/inferenceservice: enabled
  rules:
  - apiGroups:
    - machinelearning.seldon.io
    apiVersions:
    - v1alpha3
    operations:
    - CREATE
    - UPDATE
    resources:
    - seldondeployments
